******************************************************************************
                  TI ARM Linker Unix v20.2.7                   
******************************************************************************
>> Linked Mon Dec  5 11:15:18 2022

OUTPUT FILE NAME:   <GPIO_basic.out>
ENTRY POINT SYMBOL: "_c_int00_noinit_noargs"  address: 000005dd


MEMORY CONFIGURATION

         name            origin    length      used     unused   attr    fill
----------------------  --------  ---------  --------  --------  ----  --------
  FLASH                 00000000   00040000  00000678  0003f988  R  X
  SRAM                  20000000   00008000  00000200  00007e00  RW X


SEGMENT ALLOCATION MAP

run origin  load origin   length   init length attrs members
----------  ----------- ---------- ----------- ----- -------
00000000    00000000    00000678   00000678    r-x
  00000000    00000000    0000026c   0000026c    r-- .intvecs
  0000026c    0000026c    0000040c   0000040c    r-x .text
20000000    20000000    00000200   00000000    rw-
  20000000    20000000    00000200   00000000    rw- .stack


SECTION ALLOCATION MAP

 output                                  attributes/
section   page    origin      length       input sections
--------  ----  ----------  ----------   ----------------
.intvecs   0    00000000    0000026c     
                  00000000    0000026c     tm4c123gh6pm_startup_ccs.obj (.intvecs)

.text      0    0000026c    0000040c     
                  0000026c    0000016c     driverlib.lib : gpio.obj (.text:GPIOPadConfigSet)
                  000003d8    000000f4                   : sysctl.obj (.text:SysCtlClockSet)
                  000004cc    000000b0     main.obj (.text)
                  0000057c    00000034     driverlib.lib : sysctl.obj (.text:SysCtlPeripheralEnable)
                  000005b0    0000002c                   : gpio.obj (.text:GPIODirModeSet)
                  000005dc    0000002c     rtsv7M4_T_le_v4SPD16_eabi.lib : boot_cortex_m.c.obj (.text:_c_int00_noinit_noargs:_c_int00_noinit_noargs)
                  00000608    0000001a     driverlib.lib : gpio.obj (.text:GPIOPinTypeGPIOOutput)
                  00000622    00000002     --HOLE-- [fill = 0]
                  00000624    00000018                   : gpio.obj (.text:GPIOUnlockPin)
                  0000063c    00000016                   : gpio.obj (.text:GPIOPinTypeGPIOInput)
                  00000652    0000000c     tm4c123gh6pm_startup_ccs.obj (.text)
                  0000065e    00000006     driverlib.lib : gpio.obj (.text:GPIOPinRead)
                  00000664    00000006                   : gpio.obj (.text:GPIOPinWrite)
                  0000066a    00000006                   : sysctl.obj (.text:SysCtlDelay)
                  00000670    00000004     rtsv7M4_T_le_v4SPD16_eabi.lib : pre_init.c.obj (.text:_system_pre_init)
                  00000674    00000004                                   : exit.c.obj (.text:abort:abort)

.cinit     0    00000000    00000000     UNINITIALIZED

.init_array 
*          0    00000000    00000000     UNINITIALIZED

.stack     0    20000000    00000200     UNINITIALIZED
                  20000000    00000004     rtsv7M4_T_le_v4SPD16_eabi.lib : boot_cortex_m.c.obj (.stack)
                  20000004    000001fc     --HOLE--

__llvm_prf_cnts 
*          0    20000000    00000000     UNINITIALIZED

MODULE SUMMARY

       Module                         code   ro data   rw data
       ------                         ----   -------   -------
    ./
       tm4c123gh6pm_startup_ccs.obj   12     620       0      
       main.obj                       176    0         0      
    +--+------------------------------+------+---------+---------+
       Total:                         188    620       0      
                                                              
    /home/sam/Softwares/CCS/CCS/ccs1210/ccs/tools/compiler/ti-cgt-arm_20.2.7.LTS/lib/rtsv7M4_T_le_v4SPD16_eabi.lib
       boot_cortex_m.c.obj            44     0         0      
       exit.c.obj                     4      0         0      
       pre_init.c.obj                 4      0         0      
    +--+------------------------------+------+---------+---------+
       Total:                         52     0         0      
                                                              
    /home/sam/Softwares/CCS/CCS/tivaware/driverlib/ccs/Debug/driverlib.lib
       gpio.obj                       492    0         0      
       sysctl.obj                     302    0         0      
    +--+------------------------------+------+---------+---------+
       Total:                         794    0         0      
                                                              
       Stack:                         0      0         512    
    +--+------------------------------+------+---------+---------+
       Grand Total:                   1034   620       512    


GLOBAL SYMBOLS: SORTED ALPHABETICALLY BY Name 

address   name                   
-------   ----                   
00000675  C$$EXIT                
000005b1  GPIODirModeSet         
0000026d  GPIOPadConfigSet       
0000065f  GPIOPinRead            
0000063d  GPIOPinTypeGPIOInput   
00000609  GPIOPinTypeGPIOOutput  
00000665  GPIOPinWrite           
00000625  GPIOUnlockPin          
00000653  ResetISR               
000003d9  SysCtlClockSet         
0000066b  SysCtlDelay            
0000057d  SysCtlPeripheralEnable 
20000200  __STACK_END            
00000200  __STACK_SIZE           
20000200  __STACK_TOP            
ffffffff  __TI_pprof_out_hndl    
ffffffff  __TI_prof_data_size    
ffffffff  __TI_prof_data_start   
00000000  __TI_static_base__     
ffffffff  __binit__              
ffffffff  __c_args__             
UNDEFED   __mpu_init             
20000000  __stack                
20000000  __start___llvm_prf_cnts
20000000  __stop___llvm_prf_cnts 
000005dd  _c_int00_noinit_noargs 
00000671  _system_pre_init       
00000675  abort                  
ffffffff  binit                  
00000000  g_pfnVectors           
000004cd  main                   


GLOBAL SYMBOLS: SORTED BY Symbol Address 

address   name                   
-------   ----                   
00000000  __TI_static_base__     
00000000  g_pfnVectors           
00000200  __STACK_SIZE           
0000026d  GPIOPadConfigSet       
000003d9  SysCtlClockSet         
000004cd  main                   
0000057d  SysCtlPeripheralEnable 
000005b1  GPIODirModeSet         
000005dd  _c_int00_noinit_noargs 
00000609  GPIOPinTypeGPIOOutput  
00000625  GPIOUnlockPin          
0000063d  GPIOPinTypeGPIOInput   
00000653  ResetISR               
0000065f  GPIOPinRead            
00000665  GPIOPinWrite           
0000066b  SysCtlDelay            
00000671  _system_pre_init       
00000675  C$$EXIT                
00000675  abort                  
20000000  __stack                
20000000  __start___llvm_prf_cnts
20000000  __stop___llvm_prf_cnts 
20000200  __STACK_END            
20000200  __STACK_TOP            
ffffffff  __TI_pprof_out_hndl    
ffffffff  __TI_prof_data_size    
ffffffff  __TI_prof_data_start   
ffffffff  __binit__              
ffffffff  __c_args__             
ffffffff  binit                  
UNDEFED   __mpu_init             

[31 symbols]
