******************************************************************************
                  TI ARM Linker Unix v20.2.7                   
******************************************************************************
>> Linked Sun Dec  4 20:12:38 2022

OUTPUT FILE NAME:   <GPIO_interrupt.out>
ENTRY POINT SYMBOL: "_c_int00_noargs"  address: 000007c9


MEMORY CONFIGURATION

         name            origin    length      used     unused   attr    fill
----------------------  --------  ---------  --------  --------  ----  --------
  FLASH                 00000000   00040000  00000b02  0003f4fe  R  X
  SRAM                  20000000   00008000  0000046d  00007b93  RW X


SEGMENT ALLOCATION MAP

run origin  load origin   length   init length attrs members
----------  ----------- ---------- ----------- ----- -------
00000000    00000000    00000b04   00000b04    r-x
  00000000    00000000    0000026c   0000026c    r-- .intvecs
  0000026c    0000026c    000006b2   000006b2    r-x .text
  00000920    00000920    000001c0   000001c0    r-- .const
  00000ae0    00000ae0    00000024   00000024    r-- .cinit
20000000    20000000    00000470   00000000    rw-
  20000000    20000000    0000026c   00000000    rw- .vtable
  2000026c    2000026c    00000001   00000000    rw- .bss
  20000270    20000270    00000200   00000000    rw- .stack


SECTION ALLOCATION MAP

 output                                  attributes/
section   page    origin      length       input sections
--------  ----  ----------  ----------   ----------------
.intvecs   0    00000000    0000026c     
                  00000000    0000026c     tm4c123gh6pm_startup_ccs.obj (.intvecs)

.text      0    0000026c    000006b2     
                  0000026c    0000016c     driverlib.lib : gpio.obj (.text:GPIOPadConfigSet)
                  000003d8    000000f4                   : sysctl.obj (.text:SysCtlClockSet)
                  000004cc    000000e4     main.obj (.text)
                  000005b0    00000068     driverlib.lib : interrupt.obj (.text:IntDisable)
                  00000618    00000068                   : interrupt.obj (.text:IntEnable)
                  00000680    00000058                   : gpio.obj (.text:GPIOIntTypeSet)
                  000006d8    00000044                   : gpio.obj (.text:_GPIOIntNumberGet)
                  0000071c    00000044     rtsv7M4_T_le_v4SPD16_eabi.lib : autoinit.c.obj (.text:__TI_auto_init_nobinit_nopinit:__TI_auto_init_nobinit_nopinit)
                  00000760    00000034     driverlib.lib : interrupt.obj (.text:IntRegister)
                  00000794    00000034                   : sysctl.obj (.text:SysCtlPeripheralEnable)
                  000007c8    00000034     rtsv7M4_T_le_v4SPD16_eabi.lib : boot_cortex_m.c.obj (.text:_c_int00_noargs:_c_int00_noargs)
                  000007fc    0000002c     driverlib.lib : gpio.obj (.text:GPIODirModeSet)
                  00000828    0000001c     rtsv7M4_T_le_v4SPD16_eabi.lib : copy_zero_init.c.obj (.text:decompress:ZI:__TI_zero_init_nomemset:__TI_zero_init_nomemset)
                  00000844    0000001a     driverlib.lib : gpio.obj (.text:GPIOPinTypeGPIOOutput)
                  0000085e    00000018                   : gpio.obj (.text:GPIOIntRegister)
                  00000876    00000002     --HOLE-- [fill = 0]
                  00000878    00000018                   : gpio.obj (.text:GPIOUnlockPin)
                  00000890    00000016                   : gpio.obj (.text:GPIOPinTypeGPIOInput)
                  000008a6    00000010                   : interrupt.obj (.text:IntMasterDisable)
                  000008b6    00000010                   : interrupt.obj (.text:IntMasterEnable)
                  000008c6    0000000e                   : gpio.obj (.text:GPIOIntStatus)
                  000008d4    0000000c                   : cpu.obj (.text:CPUcpsid)
                  000008e0    0000000c                   : cpu.obj (.text:CPUcpsie)
                  000008ec    0000000c                   : gpio.obj (.text:GPIOIntEnable)
                  000008f8    0000000c     tm4c123gh6pm_startup_ccs.obj (.text)
                  00000904    00000006     driverlib.lib : gpio.obj (.text:GPIOIntClear)
                  0000090a    00000006                   : gpio.obj (.text:GPIOPinWrite)
                  00000910    00000006                   : sysctl.obj (.text:SysCtlDelay)
                  00000916    00000004     rtsv7M4_T_le_v4SPD16_eabi.lib : pre_init.c.obj (.text:_system_pre_init)
                  0000091a    00000004                                   : exit.c.obj (.text:abort:abort)

.const     0    00000920    000001c0     
                  00000920    000000d8     driverlib.lib : gpio.obj (.const:g_ppui32GPIOIntMapSnowflake)
                  000009f8    000000c0                   : gpio.obj (.const:g_ppui32GPIOIntMapBlizzard)
                  00000ab8    00000014                   : interrupt.obj (.const:g_pui32Dii16Regs)
                  00000acc    00000014                   : interrupt.obj (.const:g_pui32EnRegs)

.cinit     0    00000ae0    00000024     
                  00000ae0    00000008     (.cinit..bss.load) [load image, compression = zero_init]
                  00000ae8    00000008     (.cinit..vtable.load) [load image, compression = zero_init]
                  00000af0    00000004     (__TI_handler_table)
                  00000af4    00000010     (__TI_cinit_table)

.init_array 
*          0    00000000    00000000     UNINITIALIZED

.vtable    0    20000000    0000026c     UNINITIALIZED
                  20000000    0000026c     driverlib.lib : interrupt.obj (.vtable)

.bss       0    2000026c    00000001     UNINITIALIZED
                  2000026c    00000001     (.common:led)

.stack     0    20000270    00000200     UNINITIALIZED
                  20000270    00000004     rtsv7M4_T_le_v4SPD16_eabi.lib : boot_cortex_m.c.obj (.stack)
                  20000274    000001fc     --HOLE--

__llvm_prf_cnts 
*          0    20000000    00000000     UNINITIALIZED

MODULE SUMMARY

       Module                         code   ro data   rw data
       ------                         ----   -------   -------
    ./
       tm4c123gh6pm_startup_ccs.obj   12     620       0      
       main.obj                       228    0         1      
    +--+------------------------------+------+---------+---------+
       Total:                         240    620       1      
                                                              
    /home/sam/Softwares/CCS/CCS/ccs1210/ccs/tools/compiler/ti-cgt-arm_20.2.7.LTS/lib/rtsv7M4_T_le_v4SPD16_eabi.lib
       autoinit.c.obj                 68     0         0      
       boot_cortex_m.c.obj            52     0         0      
       copy_zero_init.c.obj           28     0         0      
       exit.c.obj                     4      0         0      
       pre_init.c.obj                 4      0         0      
    +--+------------------------------+------+---------+---------+
       Total:                         156    0         0      
                                                              
    /home/sam/Softwares/CCS/CCS/tivaware/driverlib/ccs/Debug/driverlib.lib
       gpio.obj                       698    408       0      
       interrupt.obj                  292    40        620    
       sysctl.obj                     302    0         0      
       cpu.obj                        24     0         0      
    +--+------------------------------+------+---------+---------+
       Total:                         1316   448       620    
                                                              
       Stack:                         0      0         512    
       Linker Generated:              0      36        0      
    +--+------------------------------+------+---------+---------+
       Grand Total:                   1712   1104      1133   


LINKER GENERATED COPY TABLES

__TI_cinit_table @ 00000af4 records: 2, size/record: 8, table size: 16
	.bss: load addr=00000ae0, load size=00000008 bytes, run addr=2000026c, run size=00000001 bytes, compression=zero_init
	.vtable: load addr=00000ae8, load size=00000008 bytes, run addr=20000000, run size=0000026c bytes, compression=zero_init


LINKER GENERATED HANDLER TABLE

__TI_handler_table @ 00000af0 records: 1, size/record: 4, table size: 4
	index: 0, handler: __TI_zero_init


GLOBAL SYMBOLS: SORTED ALPHABETICALLY BY Name 

address   name                          
-------   ----                          
0000091b  C$$EXIT                       
000008d5  CPUcpsid                      
000008e1  CPUcpsie                      
000007fd  GPIODirModeSet                
00000905  GPIOIntClear                  
000008ed  GPIOIntEnable                 
0000085f  GPIOIntRegister               
000008c7  GPIOIntStatus                 
00000681  GPIOIntTypeSet                
0000026d  GPIOPadConfigSet              
00000891  GPIOPinTypeGPIOInput          
00000845  GPIOPinTypeGPIOOutput         
0000090b  GPIOPinWrite                  
00000879  GPIOUnlockPin                 
000005b1  IntDisable                    
00000619  IntEnable                     
000008a7  IntMasterDisable              
000008b7  IntMasterEnable               
00000761  IntRegister                   
000008f9  ResetISR                      
0000052b  SWInitInterrupt               
000003d9  SysCtlClockSet                
00000911  SysCtlDelay                   
00000795  SysCtlPeripheralEnable        
20000470  __STACK_END                   
00000200  __STACK_SIZE                  
20000470  __STACK_TOP                   
00000af4  __TI_CINIT_Base               
00000b04  __TI_CINIT_Limit              
00000af0  __TI_Handler_Table_Base       
00000af4  __TI_Handler_Table_Limit      
0000071d  __TI_auto_init_nobinit_nopinit
ffffffff  __TI_pprof_out_hndl           
ffffffff  __TI_prof_data_size           
ffffffff  __TI_prof_data_start          
00000000  __TI_static_base__            
00000829  __TI_zero_init_nomemset       
ffffffff  __binit__                     
ffffffff  __c_args__                    
UNDEFED   __mpu_init                    
20000270  __stack                       
20000000  __start___llvm_prf_cnts       
20000000  __stop___llvm_prf_cnts        
000007c9  _c_int00_noargs               
UNDEFED   _system_post_cinit            
00000917  _system_pre_init              
0000091b  abort                         
ffffffff  binit                         
20000000  g_pfnRAMVectors               
00000000  g_pfnVectors                  
2000026c  led                           
000004cd  main                          
0000055f  switchLed                     


GLOBAL SYMBOLS: SORTED BY Symbol Address 

address   name                          
-------   ----                          
00000000  __TI_static_base__            
00000000  g_pfnVectors                  
00000200  __STACK_SIZE                  
0000026d  GPIOPadConfigSet              
000003d9  SysCtlClockSet                
000004cd  main                          
0000052b  SWInitInterrupt               
0000055f  switchLed                     
000005b1  IntDisable                    
00000619  IntEnable                     
00000681  GPIOIntTypeSet                
0000071d  __TI_auto_init_nobinit_nopinit
00000761  IntRegister                   
00000795  SysCtlPeripheralEnable        
000007c9  _c_int00_noargs               
000007fd  GPIODirModeSet                
00000829  __TI_zero_init_nomemset       
00000845  GPIOPinTypeGPIOOutput         
0000085f  GPIOIntRegister               
00000879  GPIOUnlockPin                 
00000891  GPIOPinTypeGPIOInput          
000008a7  IntMasterDisable              
000008b7  IntMasterEnable               
000008c7  GPIOIntStatus                 
000008d5  CPUcpsid                      
000008e1  CPUcpsie                      
000008ed  GPIOIntEnable                 
000008f9  ResetISR                      
00000905  GPIOIntClear                  
0000090b  GPIOPinWrite                  
00000911  SysCtlDelay                   
00000917  _system_pre_init              
0000091b  C$$EXIT                       
0000091b  abort                         
00000af0  __TI_Handler_Table_Base       
00000af4  __TI_CINIT_Base               
00000af4  __TI_Handler_Table_Limit      
00000b04  __TI_CINIT_Limit              
20000000  __start___llvm_prf_cnts       
20000000  __stop___llvm_prf_cnts        
20000000  g_pfnRAMVectors               
2000026c  led                           
20000270  __stack                       
20000470  __STACK_END                   
20000470  __STACK_TOP                   
ffffffff  __TI_pprof_out_hndl           
ffffffff  __TI_prof_data_size           
ffffffff  __TI_prof_data_start          
ffffffff  __binit__                     
ffffffff  __c_args__                    
ffffffff  binit                         
UNDEFED   __mpu_init                    
UNDEFED   _system_post_cinit            

[53 symbols]
